// Jest Snapshot v1, https://goo.gl/fbAQLP

exports[`<Load /> should render a load 1`] = `
.c0 {
  display: -webkit-box;
  display: -webkit-flex;
  display: -ms-flexbox;
  display: flex;
  -webkit-flex-direction: column;
  -ms-flex-direction: column;
  flex-direction: column;
  width: 100%;
}

.c1 {
  -webkit-align-items: center;
  -webkit-box-align: center;
  -ms-flex-align: center;
  align-items: center;
  -webkit-box-pack: center;
  -webkit-justify-content: center;
  -ms-flex-pack: center;
  justify-content: center;
  height: 100%;
  margin: auto;
}

.c2 {
  display: inline-block;
  position: relative;
  width: 8rem;
  height: 8rem;
}

.c2 div {
  box-sizing: border-box;
  display: block;
  position: absolute;
  width: 6.4rem;
  min-width: 6.4rem;
  height: 6.4rem;
  min-height: 6.4rem;
  margin: 0.8rem;
  border-width: 0.2rem;
  border-style: solid;
  border-color: #f83b91 transparent transparent transparent;
  border-radius: 50%;
  -webkit-animation: fEWCgj 1.2s cubic-bezier(0.5,0,0.5,1) infinite;
  animation: fEWCgj 1.2s cubic-bezier(0.5,0,0.5,1) infinite;
}

.c2 div:nth-child(1) {
  -webkit-animation-delay: -0.45s;
  animation-delay: -0.45s;
}

.c2 div:nth-child(2) {
  -webkit-animation-delay: -0.3s;
  animation-delay: -0.3s;
}

.c2 div:nth-child(3) {
  -webkit-animation-delay: -0.15s;
  animation-delay: -0.15s;
}

<div>
  <div
    class="c0 c1"
  >
    <div
      class="c2"
    >
      <div
        class=""
      />
      <div
        class=""
      />
      <div
        class=""
      />
      <div
        class=""
      />
    </div>
  </div>
</div>
`;
